Microchip MPLAB XC8 Compiler V3.00

Linker command line:

-W-3 \
  --edf=D:\Program Files\Microchip\xc8\v3.00\pic\dat\20241204225717_en.msgs \
  -cn -h+dist/default/production\emb3.X.production.sym \
  --cmf=dist/default/production\emb3.X.production.cmf -z -Q16F883 \
  -oC:\Users\Alex\AppData\Local\Temp\xcCsqsc.2\driver_tmp_3.o \
  --defsym=__MPLAB_BUILD=1 --fixupoverflow=error \
  -Mdist/default/production/emb3.X.production.map \
  --md=C:\Users\Alex\AppData\Local\Temp\xcCsqsc.2\driver_tmp_0.dat -E1 \
  -ver=XC8 Compiler -ACODE=00h-07FFhx2 -ASTRCODE=00h-0FFFh \
  -ASTRING=00h-0FFhx16 -ACONST=00h-0FFhx16 -AENTRY=00h-0FFhx16 \
  -ACOMMON=070h-07Fh -ABANK0=020h-06Fh -ABANK1=0A0h-0EFh \
  -ABANK2=0120h-016Fh -ARAM=020h-06Fh,0A0h-0EFh,0120h-016Fh \
  -AABS1=020h-07Fh,0A0h-0EFh,0120h-016Fh -ASFR0=00h-01Fh -ASFR1=080h-09Fh \
  -ASFR2=0100h-011Fh -ASFR3=0180h-01EFh -ACONFIG=02007h-02008h -DCONFIG=2 \
  -AIDLOC=02000h-02003h -DIDLOC=2 -AEEDATA=00h-0FFh/02100h \
  -peeprom_data=EEDATA -DEEDATA=2 -DCODE=2 -DSTRCODE=2 -DSTRING=2 -DCONST=2 \
  -DENTRY=2 -preset_vec=00h,intentry=04h,sivt,init,end_init -ppowerup=CODE \
  -pcinit=CODE -pfunctab=ENTRY -k \
  C:\Users\Alex\AppData\Local\Temp\xcCsqsc.2\driver_tmp_17.o \
  dist/default/production\emb3.X.production.o 

Object code version is 3.11

Machine type is 16F883



                Name                               Link     Load   Length Selector   Space Scale
C:\Users\Alex\AppData\Local\Temp\xcCsqsc.2\driver_tmp_17.o
                end_init                              F        F        2        8       0
                reset_vec                             0        0        2        0       0
dist/default/production\emb3.X.production.o
                cinit                                11       11       1F        8       0
                functab                              30       30        D       60       0
                intentry                              4        4        B        8       0
                text28                              430      430       7B       7A       0
                text27                              F64      F64       1A     1EC8       0
                text26                              325      325       89       7A       0
                text25                              F26      F26       13     1E4C       0
                text24                              3AE      3AE       82       7A       0
                text23                              F0B      F0B        9     1E16       0
                text22                              F39      F39       15     1E72       0
                text21                              627      627       48       7A       0
                text20                              51D      51D       66       7A       0
                text19                              5DF      5DF       48       7A       0
                text18                              6FA      6FA       44       7A       0
                text17                              73E      73E       3B       7A       0
                text16                               3D       3D       DB       7A       0
                text15                              583      583       5C       7A       0
                text14                              F7E      F7E       1C     1EFC       0
                text13                              118      118       BA       7A       0
                text12                              FB9      FB9       23     1F72       0
                text11                              FDC      FDC       24     1FB8       0
                text10                              6B6      6B6       44       7A       0
                text9                               779      779       3A       7A       0
                text8                               7FF      7FF        1      FBC       0
                text7                               287      287       9E       7A       0
                text6                               1D2      1D2       B5       7A       0
                text5                               F9A      F9A       1F     1F34       0
                text4                               7DE      7DE       21      FBC       0
                text3                               4AB      4AB       72       7A       0
                text2                               F4E      F4E       16     1E9C       0
                text1                               F14      F14       12     1E28       0
                maintext                            66F      66F       47       7A       0
                cstackBANK0                          20       20       35       20       1
                cstackCOMMON                         70       70        E       70       1
                clrtext                             F03      F03        8     1E06       0
                bssBANK2                            120      120       19      120       1
                bssBANK1                             A0       A0       39       A0       1
                dataBANK0                            63       63        2       20       1
                bssBANK0                             55       55        E       20       1
                strings                             7B3      7B3       2B      F66       0
                nvBANK0                              65       65        1       20       1
                idataBANK0                            2        2        2        0       0

TOTAL           Name                               Link     Load   Length     Space
        CLASS   CODE           
                end_init                              F        F        2         0
                cinit                                11       11       1F         0
                intentry                              4        4        B         0
                reset_vec                             0        0        2         0
                text28                              430      430       7B         0
                text27                              F64      F64       1A         0
                text26                              325      325       89         0
                text25                              F26      F26       13         0
                text24                              3AE      3AE       82         0
                text23                              F0B      F0B        9         0
                text22                              F39      F39       15         0
                text21                              627      627       48         0
                text20                              51D      51D       66         0
                text19                              5DF      5DF       48         0
                text18                              6FA      6FA       44         0
                text17                              73E      73E       3B         0
                text16                               3D       3D       DB         0
                text15                              583      583       5C         0
                text14                              F7E      F7E       1C         0
                text13                              118      118       BA         0
                text12                              FB9      FB9       23         0
                text11                              FDC      FDC       24         0
                text10                              6B6      6B6       44         0
                text9                               779      779       3A         0
                text8                               7FF      7FF        1         0
                text7                               287      287       9E         0
                text6                               1D2      1D2       B5         0
                text5                               F9A      F9A       1F         0
                text4                               7DE      7DE       21         0
                text3                               4AB      4AB       72         0
                text2                               F4E      F4E       16         0
                text1                               F14      F14       12         0
                maintext                            66F      66F       47         0
                clrtext                             F03      F03        8         0
                idataBANK0                            2        2        2         0

        CLASS   STRCODE        

        CLASS   STRING         
                strings                             7B3      7B3       2B         0

        CLASS   CONST          

        CLASS   ENTRY          
                functab                              30       30        D         0

        CLASS   COMMON         
                cstackCOMMON                         70       70        E         1

        CLASS   BANK0          
                cstackBANK0                          20       20       35         1
                dataBANK0                            63       63        2         1
                bssBANK0                             55       55        E         1
                nvBANK0                              65       65        1         1

        CLASS   BANK1          
                bssBANK1                             A0       A0       39         1

        CLASS   BANK2          
                bssBANK2                            120      120       19         1

        CLASS   RAM            

        CLASS   ABS1           
                abs_s1                               7E       7E        2         1

        CLASS   SFR0           

        CLASS   SFR1           

        CLASS   SFR2           

        CLASS   SFR3           

        CLASS   CONFIG         

        CLASS   IDLOC          

        CLASS   EEDATA         

        CLASS   BANK3          

        CLASS   HEAP           

        CLASS   STACK          



SEGMENTS        Name                           Load    Length   Top    Selector   Space  Class     Delta

                reset_vec                      000000  000004  000004         0       0  CODE        2
                intentry                       000004  00002C  000030         8       0  CODE        2
                cstackBANK0                    000020  000046  000066        20       1  BANK0       1
                functab                        000030  00000D  00003D        60       0  ENTRY       2
                cstackCOMMON                   000070  00000E  00007E        70       1  COMMON      1
                text16                         00003D  000776  0007B3        7A       0  CODE        2
                bssBANK1                       0000A0  000039  0000D9        A0       1  BANK1       1
                bssBANK2                       000120  000019  000139       120       1  BANK2       1
                strings                        0007B3  00002B  0007DE       F66       0  STRING      2
                text4                          0007DE  000022  000800       FBC       0  CODE        2
                clrtext                        000F03  000008  000F0B      1E06       0  CODE        2
                text23                         000F0B  000009  000F14      1E16       0  CODE        2
                text1                          000F14  000012  000F26      1E28       0  CODE        2
                text25                         000F26  000013  000F39      1E4C       0  CODE        2
                text22                         000F39  000015  000F4E      1E72       0  CODE        2
                text2                          000F4E  000016  000F64      1E9C       0  CODE        2
                text27                         000F64  00001A  000F7E      1EC8       0  CODE        2
                text14                         000F7E  00001C  000F9A      1EFC       0  CODE        2
                text5                          000F9A  00001F  000FB9      1F34       0  CODE        2
                text12                         000FB9  000023  000FDC      1F72       0  CODE        2
                text11                         000FDC  000024  001000      1FB8       0  CODE        2


UNUSED ADDRESS RANGES

        Name                Unused          Largest block    Delta
        BANK0            0066-006F              A           1
        BANK1            00D9-00EF             17           1
        BANK2            0139-016F             37           1
        CODE             0800-0F02            703           2
        CONFIG           2007-2008              2           2
        CONST            0800-0F02            100           2
        EEDATA           2100-21FF            100           2
        ENTRY            0800-0F02            100           2
        IDLOC            2000-2003              4           2
        RAM              0066-006F              A           1
                         00D9-00EF             17
                         0139-016F             37
        SFR0             0000-001F             20           1
        SFR1             0080-009F             20           1
        SFR2             0100-011F             20           1
        SFR3             0180-01EF             70           1
        STRCODE          0800-0F02            703           2
        STRING           0800-0F02            100           2

                                  Symbol Table

?___lldiv                           cstackBANK0  0038
?___lmul                            cstackBANK0  002B
?___lwdiv                           cstackBANK0  0021
?___lwmod                           cstackBANK0  0021
?_my_adc                            cstackBANK0  0021
?_sprintf                           cstackBANK0  003F
?_vfprintf                          cstackBANK0  003A
_ADCON0                             (abs)        001F
_ADCON0bits                         (abs)        001F
_ADCON1                             (abs)        009F
_ADRESH                             (abs)        001E
_ADRESL                             (abs)        009E
_ANSEL                              (abs)        0188
_FLA_ERROR                          bssBANK0     0060
_GLOBAL_TEMPERATURE                 dataBANK0    0064
_IGN_ERROR                          bssBANK0     0061
_INTCONbits                         (abs)        000B
_LOCK_MODE                          dataBANK0    0063
_OPTION_REGbits                     (abs)        0081
_PORTAbits                          (abs)        0005
_PORTB                              (abs)        0006
_PORTBbits                          (abs)        0006
_PORTC                              (abs)        0007
_PORTCbits                          (abs)        0007
_SYSTEM_RUNNING                     bssBANK0     0062
_TMR0                               (abs)        0001
_TRISA                              (abs)        0085
_TRISB                              (abs)        0086
_TRISC                              (abs)        0087
__H__absolute__                     __absolute__ 0000
__Habs1                             abs1         007A
__Hbank0                            bank0        007A
__Hbank1                            bank1        007A
__Hbank2                            bank2        007A
__Hbank3                            bank3        007A
__HbssBANK0                         bssBANK0     007A
__HbssBANK1                         bssBANK1     007A
__HbssBANK2                         bssBANK2     007A
__Hcinit                            cinit        0030
__Hclrtext                          clrtext      007A
__Hcode                             code         007A
__Hcommon                           common       007A
__HcstackBANK0                      cstackBANK0  007A
__HcstackCOMMON                     cstackCOMMON 007A
__HdataBANK0                        dataBANK0    007A
__Heeprom_data                      eeprom_data  0000
__Hend_init                         end_init     0011
__Hfunctab                          functab      003D
__Hheap                             heap         007A
__HidataBANK0                       idataBANK0   007A
__Hinit                             init         000F
__Hintentry                         intentry     000F
__Hmaintext                         maintext     007A
__HnvBANK0                          nvBANK0      007A
__Hpowerup                          powerup      0000
__Hram                              ram          007A
__Hreset_vec                        reset_vec    0002
__Hsfr0                             sfr0         007A
__Hsfr1                             sfr1         007A
__Hsfr2                             sfr2         007A
__Hsfr3                             sfr3         007A
__Hsivt                             sivt         000F
__Hspace_0                          (abs)        1000
__Hspace_1                          (abs)        0139
__Hspace_2                          (abs)        007A
__Hspace_3                          (abs)        0000
__Hstack                            stack        007A
__Hstrings                          strings      007A
__Htext                             text         007A
__L__absolute__                     __absolute__ 0000
__Labs1                             abs1         007A
__Lbank0                            bank0        007A
__Lbank1                            bank1        007A
__Lbank2                            bank2        007A
__Lbank3                            bank3        007A
__LbssBANK0                         bssBANK0     007A
__LbssBANK1                         bssBANK1     007A
__LbssBANK2                         bssBANK2     007A
__Lcinit                            cinit        0011
__Lclrtext                          clrtext      007A
__Lcode                             code         007A
__Lcommon                           common       007A
__LcstackBANK0                      cstackBANK0  007A
__LcstackCOMMON                     cstackCOMMON 007A
__LdataBANK0                        dataBANK0    007A
__Leeprom_data                      eeprom_data  0000
__Lend_init                         end_init     000F
__Lfunctab                          functab      0030
__Lheap                             heap         007A
__LidataBANK0                       idataBANK0   007A
__Linit                             init         000F
__Lintentry                         intentry     0004
__Lmaintext                         maintext     007A
__LnvBANK0                          nvBANK0      007A
__Lpowerup                          powerup      0000
__Lram                              ram          007A
__Lreset_vec                        reset_vec    0000
__Lsfr0                             sfr0         007A
__Lsfr1                             sfr1         007A
__Lsfr2                             sfr2         007A
__Lsfr3                             sfr3         007A
__Lsivt                             sivt         000F
__Lspace_0                          (abs)        0000
__Lspace_1                          (abs)        0000
__Lspace_2                          (abs)        0000
__Lspace_3                          (abs)        0000
__Lstack                            stack        007A
__Lstrings                          strings      007A
__Ltext                             text         007A
__S0                                (abs)        1000
__S1                                (abs)        0139
__S3                                (abs)        0000
___bmul                             text22       0F39
___bmul@multiplicand                cstackBANK0  0021
___bmul@multiplier                  cstackBANK0  0023
___bmul@product                     cstackBANK0  0022
___heap_hi                          (abs)        0000
___heap_lo                          (abs)        0000
___int_sp                           stack        007A
___int_stack_hi                     stack        007A
___int_stack_lo                     stack        007A
___latbits                          (abs)        0001
___lldiv                            text20       051D
___lldiv@counter                    cstackBANK0  0045
___lldiv@dividend                   cstackBANK0  003C
___lldiv@divisor                    cstackBANK0  0038
___lldiv@quotient                   cstackBANK0  0041
___lmul                             text19       05DF
___lmul@multiplicand                cstackBANK0  002F
___lmul@multiplier                  cstackBANK0  002B
___lmul@product                     cstackBANK0  0034
___lwdiv                            text10       06B6
___lwdiv@counter                    cstackBANK0  0027
___lwdiv@dividend                   cstackBANK0  0023
___lwdiv@divisor                    cstackBANK0  0021
___lwdiv@quotient                   cstackBANK0  0025
___lwmod                            text9        0779
___lwmod@counter                    cstackBANK0  0025
___lwmod@dividend                   cstackBANK0  0023
___lwmod@divisor                    cstackBANK0  0021
___sp                               stack        007A
___stack_hi                         stack        007A
___stack_lo                         stack        007A
___stackhi                          (abs)        0000
___stacklo                          (abs)        0000
__end_of___bmul                     text22       0F4E
__end_of___lldiv                    text20       0583
__end_of___lmul                     text19       0627
__end_of___lwdiv                    text10       06FA
__end_of___lwmod                    text9        07B3
__end_of__i1fptable                 functab      003D
__end_of__initialization            cinit        002D
__end_of__stringtab                 strings      07C3
__end_of_adc_100                    text17       0779
__end_of_adc_init                   text23       0F14
__end_of_blink                      text27       0F7E
__end_of_create_task                text21       066F
__end_of_debounce                   text26       03AE
__end_of_fputc                      text7        0325
__end_of_ignition_system            text16       0118
__end_of_lcd_clear                  text12       0FDC
__end_of_lcd_init                   text13       01D2
__end_of_lcd_print                  text3        051D
__end_of_lcd_send_byte              text14       0F9A
__end_of_lcd_send_half_byte         text15       05DF
__end_of_lcd_send_string            text11       1000
__end_of_led_set                    text28       04AB
__end_of_main                       maintext     06B6
__end_of_my_adc                     text18       073E
__end_of_pins_init                  text2        0F64
__end_of_putch                      text8        0800
__end_of_sprintf                    text4        07FF
__end_of_timer_init                 text1        0F26
__end_of_timer_isr                  text24       0430
__end_of_vfpfcnvrt                  text6        0287
__end_of_vfprintf                   text5        0FB9
__end_ofi1___bmul                   text25       0F39
__i1fptable                         functab      0031
__initialization                    cinit        0011
__pbssBANK0                         bssBANK0     0055
__pbssBANK1                         bssBANK1     00A0
__pbssBANK2                         bssBANK2     0120
__pcstackBANK0                      cstackBANK0  0020
__pcstackCOMMON                     cstackCOMMON 0070
__pdataBANK0                        dataBANK0    0063
__pfunctab                          functab      0030
__pidataBANK0                       idataBANK0   0002
__pintentry                         intentry     0004
__pmaintext                         maintext     066F
__pnvBANK0                          nvBANK0      0065
__pstrings                          strings      07B3
__ptext1                            text1        0F14
__ptext10                           text10       06B6
__ptext11                           text11       0FDC
__ptext12                           text12       0FB9
__ptext13                           text13       0118
__ptext14                           text14       0F7E
__ptext15                           text15       0583
__ptext16                           text16       003D
__ptext17                           text17       073E
__ptext18                           text18       06FA
__ptext19                           text19       05DF
__ptext2                            text2        0F4E
__ptext20                           text20       051D
__ptext21                           text21       0627
__ptext22                           text22       0F39
__ptext23                           text23       0F0B
__ptext24                           text24       03AE
__ptext25                           text25       0F26
__ptext26                           text26       0325
__ptext27                           text27       0F64
__ptext28                           text28       0430
__ptext3                            text3        04AB
__ptext4                            text4        07DE
__ptext5                            text5        0F9A
__ptext6                            text6        01D2
__ptext7                            text7        0287
__ptext8                            text8        07FF
__ptext9                            text9        0779
__size_of__i1fptable                (abs)        0000
__stringbase                        strings      07C2
__stringtab                         strings      07B3
_adc_100                            text17       073E
_adc_init                           text23       0F0B
_blink                              text27       0F64
_create_task                        text21       0627
_dbuf                               bssBANK1     00A0
_debounce                           text26       0325
_flags                              bssBANK0     0059
_fputc                              text7        0287
_ignition_system                    text16       003D
_lcd_clear                          text12       0FB9
_lcd_init                           text13       0118
_lcd_print                          text3        04AB
_lcd_send_byte                      text14       0F7E
_lcd_send_half_byte                 text15       0583
_lcd_send_string                    text11       0FDC
_led_set                            text28       0430
_led_set$272                        cstackCOMMON 0070
_led_set$273                        cstackCOMMON 0071
_led_set$274                        cstackCOMMON 0072
_led_set$275                        cstackCOMMON 0073
_led_set$276                        cstackCOMMON 0074
_led_set$277                        cstackCOMMON 0075
_main                               maintext     066F
_my_adc                             text18       06FA
_pins_init                          text2        0F4E
_prec                               bssBANK0     0057
_putch                              text8        07FF
_sprintf                            text4        07DE
_task_list@my_timer_1ms$F356        bssBANK1     00C0
_timer_configured@my_timer_1ms$F357 nvBANK0      0065
_timer_init                         text1        0F14
_timer_isr                          text24       03AE
_vfpfcnvrt                          text6        01D2
_vfprintf                           text5        0F9A
_width                              bssBANK0     0055
adc_100@ch                          cstackBANK0  004A
btemp                               (abs)        007E
clear_ram0                          clrtext      0F03
create_task@fn                      cstackBANK0  0024
create_task@i                       cstackBANK0  0027
create_task@ms                      cstackBANK0  0025
debounce@debounceS1                 bssBANK0     005D
debounce@debounceS2                 bssBANK0     005C
debounce@debounceS3                 bssBANK0     005B
debounce@debounceS4                 bssBANK0     005A
end_of_initialization               cinit        002D
fpbase                              (abs)        0000
fptable                             functab      0030
fptotal                             (abs)        0000
fputc@c                             cstackBANK0  0021
fputc@fp                            cstackBANK0  0023
i1___bmul                           text25       0F26
i1___bmul@multiplicand              cstackCOMMON 0070
i1___bmul@multiplier                cstackCOMMON 0072
i1___bmul@product                   cstackCOMMON 0071
i1fpbase                            functab      0036
i1fptable                           functab      0031
i1fptotal                           (abs)        0006
ignition_system@i                   cstackBANK0  004E
ignition_system@tmr                 cstackBANK0  004F
interrupt_function                  intentry     0004
intlevel0                           functab      0030
intlevel1                           functab      0030
intlevel2                           functab      0030
intlevel3                           functab      0030
intlevel4                           functab      0030
intlevel5                           functab      0030
lcd_print@buf                       cstackBANK0  0052
lcd_print@lcdMode                   bssBANK0     005E
lcd_send_byte@data                  cstackBANK0  0027
lcd_send_byte@rs                    cstackBANK0  0025
lcd_send_half_byte@data             cstackBANK0  0024
lcd_send_half_byte@rs               cstackBANK0  0021
lcd_send_string@str                 cstackBANK0  0028
my_adc@ch                           cstackBANK0  002A
reset_vec                           reset_vec    0000
saved_w                             (abs)        007E
sprintf@ap                          cstackBANK0  0044
sprintf@f                           cstackBANK0  0045
sprintf@fmt                         cstackBANK0  0040
sprintf@s                           cstackBANK0  003F
start                               init         000F
start_initialization                cinit        0011
timer_isr@i                         cstackBANK0  0020
vfpfcnvrt@ap                        cstackBANK0  0031
vfpfcnvrt@c                         cstackBANK0  0039
vfpfcnvrt@convarg                   cstackBANK0  0034
vfpfcnvrt@cp                        cstackBANK0  0038
vfpfcnvrt@fmt                       cstackBANK0  0030
vfpfcnvrt@fp                        cstackBANK0  002E
vfprintf@ap                         cstackBANK0  003D
vfprintf@cfmt                       cstackBANK0  003E
vfprintf@fmt                        cstackBANK0  003C
vfprintf@fp                         cstackBANK0  003A
wtemp0                              (abs)        007E


MODULE INFORMATION

Module		Function		Class		Link	Load	Size
D:\Program Files\Microchip\xc8\v3.00\pic\sources\c99\common\nf_sprintf.c
		_sprintf       		CODE           	07DE	0000	33

D:\Program Files\Microchip\xc8\v3.00\pic\sources\c99\common\nf_sprintf.c estimated size: 33

D:\Program Files\Microchip\xc8\v3.00\pic\sources\c99\common\lwdiv.c
		___lwdiv       		CODE           	06B6	0000	68

D:\Program Files\Microchip\xc8\v3.00\pic\sources\c99\common\lwdiv.c estimated size: 68

D:\Program Files\Microchip\xc8\v3.00\pic\sources\c99\common\Umul8.c
		___bmul        		CODE           	0F39	0000	21

D:\Program Files\Microchip\xc8\v3.00\pic\sources\c99\common\Umul8.c estimated size: 21

D:\Program Files\Microchip\xc8\v3.00\pic\sources\c99\common\Umul32.c
		___lmul        		CODE           	05DF	0000	72

D:\Program Files\Microchip\xc8\v3.00\pic\sources\c99\common\Umul32.c estimated size: 72

my_adc.c
		_my_adc        		CODE           	06FA	0000	68
		_adc_100       		CODE           	073E	0000	59
		_adc_init      		CODE           	0F0B	0000	9

my_adc.c estimated size: 136

my_tasks.c
		_debounce      		CODE           	0325	0000	137
		_led_set       		CODE           	0430	0000	123
		_blink         		CODE           	0F64	0000	26

my_tasks.c estimated size: 286

D:\Program Files\Microchip\xc8\v3.00\pic\sources\c99\common\__lldiv.c
		___lldiv       		CODE           	051D	0000	102

D:\Program Files\Microchip\xc8\v3.00\pic\sources\c99\common\__lldiv.c estimated size: 102

D:\Program Files\Microchip\xc8\v3.00\pic\sources\c99\common\doprnt.c
		_vfpfcnvrt     		CODE           	01D2	0000	181
		_vfprintf      		CODE           	0F9A	0000	31

D:\Program Files\Microchip\xc8\v3.00\pic\sources\c99\common\doprnt.c estimated size: 212

my_lcd.c
		_lcd_send_byte 		CODE           	0F7E	0000	28
		_lcd_clear     		CODE           	0FB9	0000	35
		_lcd_print     		CODE           	04AB	0000	114
		_lcd_send_string		CODE           	0FDC	0000	36
		_lcd_send_half_byte		CODE           	0583	0000	92
		_lcd_init      		CODE           	0118	0000	186

my_lcd.c estimated size: 491

shared
		__stringtab    		STRING         	07B3	0000	16
		__i1fptable    		ENTRY          	0031	0000	12
		__initialization		CODE           	0011	0000	28
		i1___bmul      		CODE           	0F26	0000	19

shared estimated size: 75

D:\Program Files\Microchip\xc8\v3.00\pic\sources\c99\common\lwmod.c
		___lwmod       		CODE           	0779	0000	58

D:\Program Files\Microchip\xc8\v3.00\pic\sources\c99\common\lwmod.c estimated size: 58

my_timer_1ms.c
		_create_task   		CODE           	0627	0000	72
		_timer_isr     		CODE           	03AE	0000	130
		_timer_init    		CODE           	0F14	0000	18

my_timer_1ms.c estimated size: 220

D:\Program Files\Microchip\xc8\v3.00\pic\sources\c99\common\putch.c
		_putch         		CODE           	07FF	0000	1

D:\Program Files\Microchip\xc8\v3.00\pic\sources\c99\common\putch.c estimated size: 1

D:\Program Files\Microchip\xc8\v3.00\pic\sources\c99\common\nf_fputc.c
		_fputc         		CODE           	0287	0000	158

D:\Program Files\Microchip\xc8\v3.00\pic\sources\c99\common\nf_fputc.c estimated size: 158

main.c
		_ignition_system		CODE           	003D	0000	219
		_pins_init     		CODE           	0F4E	0000	22
		_main          		CODE           	066F	0000	71

main.c estimated size: 312

